./tasks/migrations/0001_initial.py:13:80: E501 line too long (84 > 79 characters)
./tasks/migrations/0001_initial.py:14:80: E501 line too long (108 > 79 characters)
./tasks/migrations/0001_initial.py:15:80: E501 line too long (108 > 79 characters)
./tasks/migrations/0001_initial.py:16:80: E501 line too long (130 > 79 characters)
./tasks/migrations/0001_initial.py:17:80: E501 line too long (96 > 79 characters)
./tasks/migrations/0001_initial.py:23:80: E501 line too long (84 > 79 characters)
./tasks/migrations/0001_initial.py:24:80: E501 line too long (125 > 79 characters)
./tasks/migrations/0001_initial.py:25:80: E501 line too long (88 > 79 characters)
./tasks/migrations/0001_initial.py:27:80: E501 line too long (99 > 79 characters)
./tasks/migrations/0001_initial.py:28:80: E501 line too long (96 > 79 characters)
./tasks/migrations/0001_initial.py:33:5: E303 too many blank lines (2)
./tasks/migrations/0001_initial.py:44:80: E501 line too long (86 > 79 characters)
./tasks/migrations/0001_initial.py:45:80: E501 line too long (102 > 79 characters)
./tasks/migrations/0001_initial.py:46:80: E501 line too long (158 > 79 characters)
./tasks/migrations/0001_initial.py:49:80: E501 line too long (187 > 79 characters)
./tasks/migrations/0001_initial.py:50:80: E501 line too long (89 > 79 characters)
./tasks/migrations/0001_initial.py:51:80: E501 line too long (123 > 79 characters)
./tasks/migrations/0001_initial.py:52:80: E501 line too long (86 > 79 characters)
./tasks/migrations/0001_initial.py:53:80: E501 line too long (83 > 79 characters)
./tasks/migrations/0001_initial.py:57:80: E501 line too long (111 > 79 characters)
./tasks/migrations/0001_initial.py:58:80: E501 line too long (103 > 79 characters)
./tasks/migrations/0001_initial.py:59:80: E501 line too long (107 > 79 characters)
./tasks/migrations/0001_initial.py:60:80: E501 line too long (149 > 79 characters)
./tasks/migrations/0001_initial.py:61:80: E501 line too long (86 > 79 characters)
./tasks/migrations/0001_initial.py:62:80: E501 line too long (91 > 79 characters)
./tasks/migrations/0001_initial.py:63:80: E501 line too long (91 > 79 characters)
./tasks/migrations/0001_initial.py:64:80: E501 line too long (95 > 79 characters)
./tasks/migrations/0001_initial.py:65:80: E501 line too long (110 > 79 characters)
./tasks/migrations/0001_initial.py:66:80: E501 line too long (106 > 79 characters)
./tasks/migrations/0001_initial.py:67:80: E501 line too long (89 > 79 characters)
./tasks/migrations/0001_initial.py:68:80: E501 line too long (164 > 79 characters)
./tasks/migrations/0001_initial.py:69:80: E501 line too long (105 > 79 characters)
./tasks/migrations/0001_initial.py:72:80: E501 line too long (161 > 79 characters)
./tasks/migrations/0001_initial.py:73:80: E501 line too long (90 > 79 characters)
./tasks/migrations/0001_initial.py:74:80: E501 line too long (86 > 79 characters)
./tasks/migrations/0001_initial.py:75:80: E501 line too long (86 > 79 characters)
./tasks/migrations/0001_initial.py:76:80: E501 line too long (84 > 79 characters)
./tasks/migrations/0001_initial.py:80:80: E501 line too long (86 > 79 characters)
./tasks/migrations/0001_initial.py:81:80: E501 line too long (93 > 79 characters)
./tasks/migrations/0001_initial.py:82:80: E501 line too long (85 > 79 characters)
./tasks/migrations/0001_initial.py:83:80: E501 line too long (101 > 79 characters)
./tasks/migrations/0001_initial.py:84:80: E501 line too long (82 > 79 characters)
./tasks/migrations/0001_initial.py:88:80: E501 line too long (120 > 79 characters)
./tasks/migrations/0001_initial.py:89:80: E501 line too long (120 > 79 characters)
./tasks/migrations/0001_initial.py:90:80: E501 line too long (86 > 79 characters)
./tasks/migrations/0001_initial.py:91:80: E501 line too long (143 > 79 characters)
./tasks/migrations/0001_initial.py:92:80: E501 line too long (97 > 79 characters)
./tasks/migrations/0001_initial.py:96:80: E501 line too long (86 > 79 characters)
./tasks/migrations/0001_initial.py:97:80: E501 line too long (106 > 79 characters)
./tasks/migrations/0001_initial.py:99:80: E501 line too long (98 > 79 characters)
./tasks/migrations/0001_initial.py:100:80: E501 line too long (133 > 79 characters)
./tasks/migrations/0001_initial.py:101:80: E501 line too long (89 > 79 characters)
./tasks/migrations/0001_initial.py:41:5: E303 too many blank lines (2)
./tasks/migrations/0001_initial.py:105:30: W292 no newline at end of file
./projects/migrations/0001_initial.py:13:80: E501 line too long (84 > 79 characters)
./projects/migrations/0001_initial.py:14:80: E501 line too long (98 > 79 characters)
./projects/migrations/0001_initial.py:15:80: E501 line too long (83 > 79 characters)
./projects/migrations/0001_initial.py:16:80: E501 line too long (81 > 79 characters)
./projects/migrations/0001_initial.py:17:80: E501 line too long (91 > 79 characters)
./projects/migrations/0001_initial.py:22:5: E303 too many blank lines (2)
./projects/migrations/0001_initial.py:30:80: E501 line too long (86 > 79 characters)
./projects/migrations/0001_initial.py:31:80: E501 line too long (102 > 79 characters)
./projects/migrations/0001_initial.py:32:80: E501 line too long (158 > 79 characters)
./projects/migrations/0001_initial.py:35:80: E501 line too long (187 > 79 characters)
./projects/migrations/0001_initial.py:36:80: E501 line too long (89 > 79 characters)
./projects/migrations/0001_initial.py:37:80: E501 line too long (123 > 79 characters)
./projects/migrations/0001_initial.py:38:80: E501 line too long (86 > 79 characters)
./projects/migrations/0001_initial.py:39:80: E501 line too long (83 > 79 characters)
./projects/migrations/0001_initial.py:43:80: E501 line too long (111 > 79 characters)
./projects/migrations/0001_initial.py:44:80: E501 line too long (103 > 79 characters)
./projects/migrations/0001_initial.py:45:80: E501 line too long (107 > 79 characters)
./projects/migrations/0001_initial.py:46:80: E501 line too long (149 > 79 characters)
./projects/migrations/0001_initial.py:47:80: E501 line too long (86 > 79 characters)
./projects/migrations/0001_initial.py:48:80: E501 line too long (91 > 79 characters)
./projects/migrations/0001_initial.py:49:80: E501 line too long (91 > 79 characters)
./projects/migrations/0001_initial.py:50:80: E501 line too long (95 > 79 characters)
./projects/migrations/0001_initial.py:51:80: E501 line too long (110 > 79 characters)
./projects/migrations/0001_initial.py:52:80: E501 line too long (106 > 79 characters)
./projects/migrations/0001_initial.py:53:80: E501 line too long (89 > 79 characters)
./projects/migrations/0001_initial.py:54:80: E501 line too long (164 > 79 characters)
./projects/migrations/0001_initial.py:55:80: E501 line too long (105 > 79 characters)
./projects/migrations/0001_initial.py:58:80: E501 line too long (161 > 79 characters)
./projects/migrations/0001_initial.py:59:80: E501 line too long (90 > 79 characters)
./projects/migrations/0001_initial.py:60:80: E501 line too long (86 > 79 characters)
./projects/migrations/0001_initial.py:61:80: E501 line too long (86 > 79 characters)
./projects/migrations/0001_initial.py:62:80: E501 line too long (84 > 79 characters)
./projects/migrations/0001_initial.py:66:80: E501 line too long (86 > 79 characters)
./projects/migrations/0001_initial.py:67:80: E501 line too long (93 > 79 characters)
./projects/migrations/0001_initial.py:68:80: E501 line too long (85 > 79 characters)
./projects/migrations/0001_initial.py:69:80: E501 line too long (101 > 79 characters)
./projects/migrations/0001_initial.py:70:80: E501 line too long (82 > 79 characters)
./projects/migrations/0001_initial.py:27:5: E303 too many blank lines (2)
./projects/migrations/0001_initial.py:74:33: W292 no newline at end of file
./projects/migrations/0002_auto__add_field_project_last_use.py:13:80: E501 line too long (147 > 79 characters)
./projects/migrations/0002_auto__add_field_project_last_use.py:17:5: E303 too many blank lines (2)
./projects/migrations/0002_auto__add_field_project_last_use.py:25:80: E501 line too long (86 > 79 characters)
./projects/migrations/0002_auto__add_field_project_last_use.py:26:80: E501 line too long (102 > 79 characters)
./projects/migrations/0002_auto__add_field_project_last_use.py:27:80: E501 line too long (158 > 79 characters)
./projects/migrations/0002_auto__add_field_project_last_use.py:30:80: E501 line too long (187 > 79 characters)
./projects/migrations/0002_auto__add_field_project_last_use.py:31:80: E501 line too long (89 > 79 characters)
./projects/migrations/0002_auto__add_field_project_last_use.py:32:80: E501 line too long (123 > 79 characters)
./projects/migrations/0002_auto__add_field_project_last_use.py:33:80: E501 line too long (86 > 79 characters)
./projects/migrations/0002_auto__add_field_project_last_use.py:34:80: E501 line too long (83 > 79 characters)
./projects/migrations/0002_auto__add_field_project_last_use.py:38:80: E501 line too long (111 > 79 characters)
./projects/migrations/0002_auto__add_field_project_last_use.py:39:80: E501 line too long (103 > 79 characters)
./projects/migrations/0002_auto__add_field_project_last_use.py:40:80: E501 line too long (107 > 79 characters)
./projects/migrations/0002_auto__add_field_project_last_use.py:41:80: E501 line too long (149 > 79 characters)
./projects/migrations/0002_auto__add_field_project_last_use.py:42:80: E501 line too long (86 > 79 characters)
./projects/migrations/0002_auto__add_field_project_last_use.py:43:80: E501 line too long (91 > 79 characters)
./projects/migrations/0002_auto__add_field_project_last_use.py:44:80: E501 line too long (91 > 79 characters)
./projects/migrations/0002_auto__add_field_project_last_use.py:45:80: E501 line too long (95 > 79 characters)
./projects/migrations/0002_auto__add_field_project_last_use.py:46:80: E501 line too long (110 > 79 characters)
./projects/migrations/0002_auto__add_field_project_last_use.py:47:80: E501 line too long (106 > 79 characters)
./projects/migrations/0002_auto__add_field_project_last_use.py:48:80: E501 line too long (89 > 79 characters)
./projects/migrations/0002_auto__add_field_project_last_use.py:49:80: E501 line too long (164 > 79 characters)
./projects/migrations/0002_auto__add_field_project_last_use.py:50:80: E501 line too long (105 > 79 characters)
./projects/migrations/0002_auto__add_field_project_last_use.py:53:80: E501 line too long (161 > 79 characters)
./projects/migrations/0002_auto__add_field_project_last_use.py:54:80: E501 line too long (90 > 79 characters)
./projects/migrations/0002_auto__add_field_project_last_use.py:55:80: E501 line too long (86 > 79 characters)
./projects/migrations/0002_auto__add_field_project_last_use.py:56:80: E501 line too long (86 > 79 characters)
./projects/migrations/0002_auto__add_field_project_last_use.py:57:80: E501 line too long (84 > 79 characters)
./projects/migrations/0002_auto__add_field_project_last_use.py:60:80: E501 line too long (84 > 79 characters)
./projects/migrations/0002_auto__add_field_project_last_use.py:61:80: E501 line too long (86 > 79 characters)
./projects/migrations/0002_auto__add_field_project_last_use.py:62:80: E501 line too long (93 > 79 characters)
./projects/migrations/0002_auto__add_field_project_last_use.py:63:80: E501 line too long (113 > 79 characters)
./projects/migrations/0002_auto__add_field_project_last_use.py:64:80: E501 line too long (85 > 79 characters)
./projects/migrations/0002_auto__add_field_project_last_use.py:65:80: E501 line too long (101 > 79 characters)
./projects/migrations/0002_auto__add_field_project_last_use.py:66:80: E501 line too long (82 > 79 characters)
./projects/migrations/0002_auto__add_field_project_last_use.py:22:5: E303 too many blank lines (2)
./projects/migrations/0002_auto__add_field_project_last_use.py:70:33: W292 no newline at end of file
./projects/migrations/0003_auto__add_field_project_badge_url.py:13:80: E501 line too long (106 > 79 characters)
./projects/migrations/0003_auto__add_field_project_badge_url.py:17:5: E303 too many blank lines (2)
./projects/migrations/0003_auto__add_field_project_badge_url.py:25:80: E501 line too long (86 > 79 characters)
./projects/migrations/0003_auto__add_field_project_badge_url.py:26:80: E501 line too long (102 > 79 characters)
./projects/migrations/0003_auto__add_field_project_badge_url.py:27:80: E501 line too long (158 > 79 characters)
./projects/migrations/0003_auto__add_field_project_badge_url.py:30:80: E501 line too long (187 > 79 characters)
./projects/migrations/0003_auto__add_field_project_badge_url.py:31:80: E501 line too long (89 > 79 characters)
./projects/migrations/0003_auto__add_field_project_badge_url.py:32:80: E501 line too long (123 > 79 characters)
./projects/migrations/0003_auto__add_field_project_badge_url.py:33:80: E501 line too long (86 > 79 characters)
./projects/migrations/0003_auto__add_field_project_badge_url.py:34:80: E501 line too long (83 > 79 characters)
./projects/migrations/0003_auto__add_field_project_badge_url.py:38:80: E501 line too long (111 > 79 characters)
./projects/migrations/0003_auto__add_field_project_badge_url.py:39:80: E501 line too long (103 > 79 characters)
./projects/migrations/0003_auto__add_field_project_badge_url.py:40:80: E501 line too long (107 > 79 characters)
./projects/migrations/0003_auto__add_field_project_badge_url.py:41:80: E501 line too long (149 > 79 characters)
./projects/migrations/0003_auto__add_field_project_badge_url.py:42:80: E501 line too long (86 > 79 characters)
./projects/migrations/0003_auto__add_field_project_badge_url.py:43:80: E501 line too long (91 > 79 characters)
./projects/migrations/0003_auto__add_field_project_badge_url.py:44:80: E501 line too long (91 > 79 characters)
./projects/migrations/0003_auto__add_field_project_badge_url.py:45:80: E501 line too long (95 > 79 characters)
./projects/migrations/0003_auto__add_field_project_badge_url.py:46:80: E501 line too long (110 > 79 characters)
./projects/migrations/0003_auto__add_field_project_badge_url.py:47:80: E501 line too long (106 > 79 characters)
./projects/migrations/0003_auto__add_field_project_badge_url.py:48:80: E501 line too long (89 > 79 characters)
./projects/migrations/0003_auto__add_field_project_badge_url.py:49:80: E501 line too long (164 > 79 characters)
./projects/migrations/0003_auto__add_field_project_badge_url.py:50:80: E501 line too long (105 > 79 characters)
./projects/migrations/0003_auto__add_field_project_badge_url.py:53:80: E501 line too long (161 > 79 characters)
./projects/migrations/0003_auto__add_field_project_badge_url.py:54:80: E501 line too long (90 > 79 characters)
./projects/migrations/0003_auto__add_field_project_badge_url.py:55:80: E501 line too long (86 > 79 characters)
./projects/migrations/0003_auto__add_field_project_badge_url.py:56:80: E501 line too long (86 > 79 characters)
./projects/migrations/0003_auto__add_field_project_badge_url.py:57:80: E501 line too long (84 > 79 characters)
./projects/migrations/0003_auto__add_field_project_badge_url.py:60:80: E501 line too long (84 > 79 characters)
./projects/migrations/0003_auto__add_field_project_badge_url.py:61:80: E501 line too long (123 > 79 characters)
./projects/migrations/0003_auto__add_field_project_badge_url.py:62:80: E501 line too long (86 > 79 characters)
./projects/migrations/0003_auto__add_field_project_badge_url.py:63:80: E501 line too long (93 > 79 characters)
./projects/migrations/0003_auto__add_field_project_badge_url.py:64:80: E501 line too long (113 > 79 characters)
./projects/migrations/0003_auto__add_field_project_badge_url.py:65:80: E501 line too long (85 > 79 characters)
./projects/migrations/0003_auto__add_field_project_badge_url.py:66:80: E501 line too long (101 > 79 characters)
./projects/migrations/0003_auto__add_field_project_badge_url.py:67:80: E501 line too long (82 > 79 characters)
./projects/migrations/0003_auto__add_field_project_badge_url.py:22:5: E303 too many blank lines (2)
./projects/migrations/0003_auto__add_field_project_badge_url.py:71:33: W292 no newline at end of file
./projects/migrations/0004_auto__add_field_project_token.py:13:80: E501 line too long (106 > 79 characters)
./projects/migrations/0004_auto__add_field_project_token.py:17:5: E303 too many blank lines (2)
./projects/migrations/0004_auto__add_field_project_token.py:25:80: E501 line too long (86 > 79 characters)
./projects/migrations/0004_auto__add_field_project_token.py:26:80: E501 line too long (102 > 79 characters)
./projects/migrations/0004_auto__add_field_project_token.py:27:80: E501 line too long (158 > 79 characters)
./projects/migrations/0004_auto__add_field_project_token.py:30:80: E501 line too long (187 > 79 characters)
./projects/migrations/0004_auto__add_field_project_token.py:31:80: E501 line too long (89 > 79 characters)
./projects/migrations/0004_auto__add_field_project_token.py:32:80: E501 line too long (123 > 79 characters)
./projects/migrations/0004_auto__add_field_project_token.py:33:80: E501 line too long (86 > 79 characters)
./projects/migrations/0004_auto__add_field_project_token.py:34:80: E501 line too long (83 > 79 characters)
./projects/migrations/0004_auto__add_field_project_token.py:38:80: E501 line too long (111 > 79 characters)
./projects/migrations/0004_auto__add_field_project_token.py:39:80: E501 line too long (103 > 79 characters)
./projects/migrations/0004_auto__add_field_project_token.py:40:80: E501 line too long (107 > 79 characters)
./projects/migrations/0004_auto__add_field_project_token.py:41:80: E501 line too long (149 > 79 characters)
./projects/migrations/0004_auto__add_field_project_token.py:42:80: E501 line too long (86 > 79 characters)
./projects/migrations/0004_auto__add_field_project_token.py:43:80: E501 line too long (91 > 79 characters)
./projects/migrations/0004_auto__add_field_project_token.py:44:80: E501 line too long (91 > 79 characters)
./projects/migrations/0004_auto__add_field_project_token.py:45:80: E501 line too long (95 > 79 characters)
./projects/migrations/0004_auto__add_field_project_token.py:46:80: E501 line too long (110 > 79 characters)
./projects/migrations/0004_auto__add_field_project_token.py:47:80: E501 line too long (106 > 79 characters)
./projects/migrations/0004_auto__add_field_project_token.py:48:80: E501 line too long (89 > 79 characters)
./projects/migrations/0004_auto__add_field_project_token.py:49:80: E501 line too long (164 > 79 characters)
./projects/migrations/0004_auto__add_field_project_token.py:50:80: E501 line too long (105 > 79 characters)
./projects/migrations/0004_auto__add_field_project_token.py:53:80: E501 line too long (161 > 79 characters)
./projects/migrations/0004_auto__add_field_project_token.py:54:80: E501 line too long (90 > 79 characters)
./projects/migrations/0004_auto__add_field_project_token.py:55:80: E501 line too long (86 > 79 characters)
./projects/migrations/0004_auto__add_field_project_token.py:56:80: E501 line too long (86 > 79 characters)
./projects/migrations/0004_auto__add_field_project_token.py:57:80: E501 line too long (84 > 79 characters)
./projects/migrations/0004_auto__add_field_project_token.py:60:80: E501 line too long (84 > 79 characters)
./projects/migrations/0004_auto__add_field_project_token.py:61:80: E501 line too long (123 > 79 characters)
./projects/migrations/0004_auto__add_field_project_token.py:62:80: E501 line too long (86 > 79 characters)
./projects/migrations/0004_auto__add_field_project_token.py:63:80: E501 line too long (93 > 79 characters)
./projects/migrations/0004_auto__add_field_project_token.py:64:80: E501 line too long (113 > 79 characters)
./projects/migrations/0004_auto__add_field_project_token.py:65:80: E501 line too long (85 > 79 characters)
./projects/migrations/0004_auto__add_field_project_token.py:66:80: E501 line too long (101 > 79 characters)
./projects/migrations/0004_auto__add_field_project_token.py:67:80: E501 line too long (102 > 79 characters)
./projects/migrations/0004_auto__add_field_project_token.py:68:80: E501 line too long (82 > 79 characters)
./projects/migrations/0004_auto__add_field_project_token.py:22:5: E303 too many blank lines (2)
./projects/migrations/0004_auto__add_field_project_token.py:72:33: W292 no newline at end of file
./projects/migrations/0005_generate_project_tokens.py:24:80: E501 line too long (86 > 79 characters)
./projects/migrations/0005_generate_project_tokens.py:25:80: E501 line too long (102 > 79 characters)
./projects/migrations/0005_generate_project_tokens.py:26:80: E501 line too long (158 > 79 characters)
./projects/migrations/0005_generate_project_tokens.py:29:80: E501 line too long (187 > 79 characters)
./projects/migrations/0005_generate_project_tokens.py:30:80: E501 line too long (89 > 79 characters)
./projects/migrations/0005_generate_project_tokens.py:31:80: E501 line too long (123 > 79 characters)
./projects/migrations/0005_generate_project_tokens.py:32:80: E501 line too long (86 > 79 characters)
./projects/migrations/0005_generate_project_tokens.py:33:80: E501 line too long (83 > 79 characters)
./projects/migrations/0005_generate_project_tokens.py:37:80: E501 line too long (111 > 79 characters)
./projects/migrations/0005_generate_project_tokens.py:38:80: E501 line too long (103 > 79 characters)
./projects/migrations/0005_generate_project_tokens.py:39:80: E501 line too long (107 > 79 characters)
./projects/migrations/0005_generate_project_tokens.py:40:80: E501 line too long (149 > 79 characters)
./projects/migrations/0005_generate_project_tokens.py:41:80: E501 line too long (86 > 79 characters)
./projects/migrations/0005_generate_project_tokens.py:42:80: E501 line too long (91 > 79 characters)
./projects/migrations/0005_generate_project_tokens.py:43:80: E501 line too long (91 > 79 characters)
./projects/migrations/0005_generate_project_tokens.py:44:80: E501 line too long (95 > 79 characters)
./projects/migrations/0005_generate_project_tokens.py:45:80: E501 line too long (110 > 79 characters)
./projects/migrations/0005_generate_project_tokens.py:46:80: E501 line too long (106 > 79 characters)
./projects/migrations/0005_generate_project_tokens.py:47:80: E501 line too long (89 > 79 characters)
./projects/migrations/0005_generate_project_tokens.py:48:80: E501 line too long (164 > 79 characters)
./projects/migrations/0005_generate_project_tokens.py:49:80: E501 line too long (105 > 79 characters)
./projects/migrations/0005_generate_project_tokens.py:52:80: E501 line too long (161 > 79 characters)
./projects/migrations/0005_generate_project_tokens.py:53:80: E501 line too long (90 > 79 characters)
./projects/migrations/0005_generate_project_tokens.py:54:80: E501 line too long (86 > 79 characters)
./projects/migrations/0005_generate_project_tokens.py:55:80: E501 line too long (86 > 79 characters)
./projects/migrations/0005_generate_project_tokens.py:56:80: E501 line too long (84 > 79 characters)
./projects/migrations/0005_generate_project_tokens.py:59:80: E501 line too long (84 > 79 characters)
./projects/migrations/0005_generate_project_tokens.py:60:80: E501 line too long (123 > 79 characters)
./projects/migrations/0005_generate_project_tokens.py:61:80: E501 line too long (86 > 79 characters)
./projects/migrations/0005_generate_project_tokens.py:62:80: E501 line too long (93 > 79 characters)
./projects/migrations/0005_generate_project_tokens.py:63:80: E501 line too long (113 > 79 characters)
./projects/migrations/0005_generate_project_tokens.py:64:80: E501 line too long (85 > 79 characters)
./projects/migrations/0005_generate_project_tokens.py:65:80: E501 line too long (101 > 79 characters)
./projects/migrations/0005_generate_project_tokens.py:66:80: E501 line too long (102 > 79 characters)
./projects/migrations/0005_generate_project_tokens.py:67:80: E501 line too long (82 > 79 characters)
./projects/migrations/0006_auto__chg_field_project_token.py:13:80: E501 line too long (125 > 79 characters)
./projects/migrations/0006_auto__chg_field_project_token.py:18:80: E501 line too long (126 > 79 characters)
./projects/migrations/0006_auto__chg_field_project_token.py:23:80: E501 line too long (86 > 79 characters)
./projects/migrations/0006_auto__chg_field_project_token.py:24:80: E501 line too long (102 > 79 characters)
./projects/migrations/0006_auto__chg_field_project_token.py:25:80: E501 line too long (158 > 79 characters)
./projects/migrations/0006_auto__chg_field_project_token.py:28:80: E501 line too long (187 > 79 characters)
./projects/migrations/0006_auto__chg_field_project_token.py:29:80: E501 line too long (89 > 79 characters)
./projects/migrations/0006_auto__chg_field_project_token.py:30:80: E501 line too long (123 > 79 characters)
./projects/migrations/0006_auto__chg_field_project_token.py:31:80: E501 line too long (86 > 79 characters)
./projects/migrations/0006_auto__chg_field_project_token.py:32:80: E501 line too long (83 > 79 characters)
./projects/migrations/0006_auto__chg_field_project_token.py:36:80: E501 line too long (111 > 79 characters)
./projects/migrations/0006_auto__chg_field_project_token.py:37:80: E501 line too long (103 > 79 characters)
./projects/migrations/0006_auto__chg_field_project_token.py:38:80: E501 line too long (107 > 79 characters)
./projects/migrations/0006_auto__chg_field_project_token.py:39:80: E501 line too long (149 > 79 characters)
./projects/migrations/0006_auto__chg_field_project_token.py:40:80: E501 line too long (86 > 79 characters)
./projects/migrations/0006_auto__chg_field_project_token.py:41:80: E501 line too long (91 > 79 characters)
./projects/migrations/0006_auto__chg_field_project_token.py:42:80: E501 line too long (91 > 79 characters)
./projects/migrations/0006_auto__chg_field_project_token.py:43:80: E501 line too long (95 > 79 characters)
./projects/migrations/0006_auto__chg_field_project_token.py:44:80: E501 line too long (110 > 79 characters)
./projects/migrations/0006_auto__chg_field_project_token.py:45:80: E501 line too long (106 > 79 characters)
./projects/migrations/0006_auto__chg_field_project_token.py:46:80: E501 line too long (89 > 79 characters)
./projects/migrations/0006_auto__chg_field_project_token.py:47:80: E501 line too long (164 > 79 characters)
./projects/migrations/0006_auto__chg_field_project_token.py:48:80: E501 line too long (105 > 79 characters)
./projects/migrations/0006_auto__chg_field_project_token.py:51:80: E501 line too long (161 > 79 characters)
./projects/migrations/0006_auto__chg_field_project_token.py:52:80: E501 line too long (90 > 79 characters)
./projects/migrations/0006_auto__chg_field_project_token.py:53:80: E501 line too long (86 > 79 characters)
./projects/migrations/0006_auto__chg_field_project_token.py:54:80: E501 line too long (86 > 79 characters)
./projects/migrations/0006_auto__chg_field_project_token.py:55:80: E501 line too long (84 > 79 characters)
./projects/migrations/0006_auto__chg_field_project_token.py:58:80: E501 line too long (84 > 79 characters)
./projects/migrations/0006_auto__chg_field_project_token.py:59:80: E501 line too long (123 > 79 characters)
./projects/migrations/0006_auto__chg_field_project_token.py:60:80: E501 line too long (86 > 79 characters)
./projects/migrations/0006_auto__chg_field_project_token.py:61:80: E501 line too long (93 > 79 characters)
./projects/migrations/0006_auto__chg_field_project_token.py:62:80: E501 line too long (113 > 79 characters)
./projects/migrations/0006_auto__chg_field_project_token.py:63:80: E501 line too long (85 > 79 characters)
./projects/migrations/0006_auto__chg_field_project_token.py:64:80: E501 line too long (101 > 79 characters)
./projects/migrations/0006_auto__chg_field_project_token.py:65:80: E501 line too long (118 > 79 characters)
./projects/migrations/0006_auto__chg_field_project_token.py:66:80: E501 line too long (82 > 79 characters)
./projects/migrations/0006_auto__chg_field_project_token.py:70:33: W292 no newline at end of file
./coviolations_web/settings/base.py:85:80: E501 line too long (88 > 79 characters)
./coviolations_web/settings/dist.py:12:80: E501 line too long (101 > 79 characters)
./coviolations_web/settings/dist.py:13:80: E501 line too long (85 > 79 characters)
./coviolations_web/settings/dist.py:16:80: E501 line too long (100 > 79 characters)
./coviolations_web/settings/dist.py:17:80: E501 line too long (98 > 79 characters)
./coviolations_web/settings/dist.py:12:41: E261 at least two spaces before inline comment
./coviolations_web/settings/local_ci.py:12:80: E501 line too long (108 > 79 characters)
./coviolations_web/settings/local_ci.py:13:80: E501 line too long (87 > 79 characters)
./coviolations_web/settings/local_ci.py:16:80: E501 line too long (100 > 79 characters)
./coviolations_web/settings/local_ci.py:17:80: E501 line too long (98 > 79 characters)
./coviolations_web/settings/local_ci.py:12:48: E261 at least two spaces before inline comment
./coviolations_web/settings/local_nvbn.py:12:80: E501 line too long (108 > 79 characters)
./coviolations_web/settings/local_nvbn.py:13:80: E501 line too long (87 > 79 characters)
./coviolations_web/settings/local_nvbn.py:16:80: E501 line too long (100 > 79 characters)
./coviolations_web/settings/local_nvbn.py:17:80: E501 line too long (98 > 79 characters)
./coviolations_web/settings/local_nvbn.py:12:48: E261 at least two spaces before inline comment
./coviolations_web/settings/local_production.py:35:80: E501 line too long (95 > 79 characters)
./coviolations_web/settings/local_production.py:41:80: E501 line too long (80 > 79 characters)
./coviolations_web/settings/local_production.py:82:1: W391 blank line at end of file
./violations/tests/base.py:8:6: W292 no newline at end of file
./components/bower_components/backbone-tastypie/setup.py:17:35: E701 multiple statements on one line (colon)
./components/bower_components/backbone-tastypie/setup.py:24:80: E501 line too long (81 > 79 characters)
./components/bower_components/backbone-tastypie/setup.py:24:53: E261 at least two spaces before inline comment
./components/bower_components/backbone-tastypie/setup.py:32:9: E126 continuation line over-indented for hanging indent
./fabfile/private.py:13:80: E501 line too long (83 > 79 characters)
./fabfile/private.py:21:80: E501 line too long (90 > 79 characters)
./fabfile/private.py:23:80: E501 line too long (81 > 79 characters)
