<?xml version="1.0" encoding="UTF-8"?><testsuite name="nosetests" tests="11" errors="0" failures="0" skip="0"><testcase classname="tests.test_base.MethodRegistrationCase" name="test_not_collapse" time="0.000"></testcase><testcase classname="tests.test_base.MethodRegistrationCase" name="test_register" time="0.000"></testcase><testcase classname="tests.test_handler.ConnectionHandlerCase" name="test_authorize" time="0.001"></testcase><testcase classname="tests.test_handler.ConnectionHandlerCase" name="test_error_processing" time="0.001"></testcase><testcase classname="tests.test_handler.ConnectionHandlerCase" name="test_guntime" time="0.002"></testcase><testcase classname="tests.test_handler.ConnectionHandlerCase" name="test_initialisation" time="0.003"></testcase><testcase classname="tests.test_handler.ConnectionHandlerCase" name="test_new_location" time="0.002"></testcase><testcase classname="tests.test_handler.ConnectionHandlerCase" name="test_observation" time="0.002"></testcase><testcase classname="tests.test_handler.ConnectionHandlerCase" name="test_read" time="0.001"></testcase><testcase classname="tests.test_publisher.CeleryPublisherCase" name="test_publish" time="0.001"></testcase><testcase classname="tests.test_publisher.LoggingPublisherCase" name="test_publish" time="0.000"></testcase></testsuite>